Warning message:
package 'data.table' was built under R version 4.4.3 
ETS firm-years: 5339 rows, 281 unique vats, 2005–2023

Intensity (Phase IV) by year (median, p90, p99):
     year       median          p90          p99     n
    <int>        <num>        <num>        <num> <int>
 1:  2005 0.0000000000 2.283523e-04 0.0131111965   281
 2:  2006 0.0000000000 2.004800e-04 0.0036834874   281
 3:  2007 0.0000000000 2.643299e-06 0.0001906597   281
 4:  2008 0.0000000000 2.717657e-06 0.0082167113   281
 5:  2009 0.0000000000 0.000000e+00 0.0030809003   281
 6:  2010 0.0000000000 0.000000e+00 0.0023676518   281
 7:  2011 0.0000000000 0.000000e+00 0.0611000433   281
 8:  2012 0.0000000000 0.000000e+00 0.0012554351   281
 9:  2013 0.0000000000 1.004757e-03 0.0442538516   281
10:  2014 0.0000000000 1.643153e-03 0.0593245384   281
11:  2015 0.0000000000 2.773734e-03 0.1118903069   281
12:  2016 0.0000000000 1.466578e-03 0.0886705533   281
13:  2017 0.0000000000 1.785543e-03 0.1017987003   281
14:  2018 0.0000000000 7.173597e-03 0.2675514326   281
15:  2019 0.0000000000 1.038106e-02 0.4607949178   281
16:  2020 0.0000000000 8.755156e-03 0.4012362053   281
17:  2021 0.0003061132 2.352471e-02 0.6492554235   281
18:  2022 0.0000000000 3.101913e-02 0.3854300477   281
19:  2023 0.0000000000 2.264887e-02 0.3159041786   281

Intensity (Phase II) by year:
     year median          p90          p99     n
    <int>  <num>        <num>        <num> <int>
 1:  2005      0 1.522734e-04 0.0084648308   281
 2:  2006      0 1.777886e-04 0.0028655376   281
 3:  2007      0 2.949359e-06 0.0001654663   281
 4:  2008      0 0.000000e+00 0.0087435909   281
 5:  2009      0 0.000000e+00 0.0066256351   281
 6:  2010      0 0.000000e+00 0.0742518783   281
 7:  2011      0 0.000000e+00 0.0629037702   281
 8:  2012      0 0.000000e+00 0.0022691272   281
 9:  2013      0 7.681632e-04 0.1537723510   281
10:  2014      0 1.584558e-03 0.2828599225   281
11:  2015      0 2.850623e-03 0.3633991288   281
12:  2016      0 1.780961e-03 0.3850398824   281
13:  2017      0 2.159941e-03 0.2228677755   281
14:  2018      0 8.148475e-03 0.5395276919   281
15:  2019      0 1.307043e-02 0.9232174871   281
16:  2020      0 1.128556e-02 0.8943061330   281
17:  2021      0 3.423119e-02 1.4871013953   281
18:  2022      0 3.725778e-02 1.7688766195   281
19:  2023      0 3.448274e-02 1.4109436788   281

Saved 5339 ETS firm-year rows to data/processed/firm_year_timevarying_intensity.RData
